Menu Principal
1 - Criar ficheiro
2 - Abrir ficheiro
3 - Guardar ficheiro
4 - Avançar estação do ano
5 - Ver satisfação global
6 - Gestão de animais
7 - Gestão de funcionários
8 - Gestão de habitats
9 - Gestão de vacinas
10 - Consultas
0 - Sair
Escolha uma opção: Gestão de Animais
1 - Visualizar todos os animais
2 - Registar animal
3 - Transferir para habitat
4 - Calcular satisfação de animal
0 - Sair
Escolha uma opção: ANIMAL|A1|Nome 1|A1|VOID|A1
Gestão de Animais
1 - Visualizar todos os animais
2 - Registar animal
3 - Transferir para habitat
4 - Calcular satisfação de animal
0 - Sair
Escolha uma opção: Menu Principal
1 - Criar ficheiro
2 - Abrir ficheiro
3 - Guardar ficheiro
4 - Avançar estação do ano
5 - Ver satisfação global
6 - Gestão de animais
7 - Gestão de funcionários
8 - Gestão de habitats
9 - Gestão de vacinas
10 - Consultas
0 - Sair
Escolha uma opção: Gestão de Funcionários
1 - Visualizar todos os funcionários
2 - Registar funcionário
3 - Atribuir responsabilidade
4 - Retirar responsabilidade
5 - Calcular satisfação de funcionário
0 - Sair
Escolha uma opção: VET|A1|Rohit Figueiredo 2
Gestão de Funcionários
1 - Visualizar todos os funcionários
2 - Registar funcionário
3 - Atribuir responsabilidade
4 - Retirar responsabilidade
5 - Calcular satisfação de funcionário
0 - Sair
Escolha uma opção: Menu Principal
1 - Criar ficheiro
2 - Abrir ficheiro
3 - Guardar ficheiro
4 - Avançar estação do ano
5 - Ver satisfação global
6 - Gestão de animais
7 - Gestão de funcionários
8 - Gestão de habitats
9 - Gestão de vacinas
10 - Consultas
0 - Sair
Escolha uma opção: Gestão de Habitats
1 - Visualizar todos os habitats
2 - Registar habitat
3 - Alterar área de habitat
4 - Alterar influência de habitat sobre espécie
5 - Plantar árvore
6 - Mostrar árvores de habitat
0 - Sair
Escolha uma opção: HABITAT|A1|Aldeia dos Macacos 5|420|0
Gestão de Habitats
1 - Visualizar todos os habitats
2 - Registar habitat
3 - Alterar área de habitat
4 - Alterar influência de habitat sobre espécie
5 - Plantar árvore
6 - Mostrar árvores de habitat
0 - Sair
Escolha uma opção: Menu Principal
1 - Criar ficheiro
2 - Abrir ficheiro
3 - Guardar ficheiro
4 - Avançar estação do ano
5 - Ver satisfação global
6 - Gestão de animais
7 - Gestão de funcionários
8 - Gestão de habitats
9 - Gestão de vacinas
10 - Consultas
0 - Sair
Escolha uma opção: Gestão de Vacinas
1 - Visualizar todas as vacinas
2 - Registar vacina
3 - Vacinar animal
4 - Mostrar vacinações
0 - Sair
Escolha uma opção: VACINA|A1|Tétano 3|0|A1
Gestão de Vacinas
1 - Visualizar todas as vacinas
2 - Registar vacina
3 - Vacinar animal
4 - Mostrar vacinações
0 - Sair
Escolha uma opção: Menu Principal
1 - Criar ficheiro
2 - Abrir ficheiro
3 - Guardar ficheiro
4 - Avançar estação do ano
5 - Ver satisfação global
6 - Gestão de animais
7 - Gestão de funcionários
8 - Gestão de habitats
9 - Gestão de vacinas
10 - Consultas
0 - Sair
Escolha uma opção: 